// Jest Snapshot v1, https://goo.gl/fbAQLP

exports[`Lobby is matched with snapshot 1`] = `ShallowWrapper {}`;
