// Jest Snapshot v1, https://goo.gl/fbAQLP

exports[`LogIn is matched with snapshot 1`] = `ShallowWrapper {}`;
