// Jest Snapshot v1, https://goo.gl/fbAQLP

exports[`SignUp is matched with snapshot 1`] = `ShallowWrapper {}`;
