// Jest Snapshot v1, https://goo.gl/fbAQLP

exports[`Welcome is matched with snapshot 1`] = `ShallowWrapper {}`;
