// Jest Snapshot v1, https://goo.gl/fbAQLP

exports[`AnswerDispay is matched with snapshot 1`] = `ShallowWrapper {}`;


